2025-07-20 05:53:07,107 - INFO - Starting job search for 'python developer' in 'United States' - 3 pages
2025-07-20 05:53:07,137 - INFO - Fetching page 1/3
2025-07-20 05:53:07,917 - INFO - HTTP Request: GET https://www.linkedin.com/jobs-guest/jobs/api/seeMoreJobPostings/search?keywords=python+developer&location=United+States&trk=public_jobs_jobs-search-bar_search-submit&position=1&pageNum=0&start=0&f_JT=&f_E=&f_WRA=WRA-1 "HTTP/1.1 200 OK"
2025-07-20 05:53:07,926 - INFO - Found 10 jobs on page 1
2025-07-20 05:53:09,928 - INFO - Fetching page 2/3
2025-07-20 05:53:10,493 - INFO - HTTP Request: GET https://www.linkedin.com/jobs-guest/jobs/api/seeMoreJobPostings/search?keywords=python+developer&location=United+States&trk=public_jobs_jobs-search-bar_search-submit&position=1&pageNum=0&start=25&f_JT=&f_E=&f_WRA=WRA-1 "HTTP/1.1 200 OK"
2025-07-20 05:53:10,501 - INFO - Found 10 jobs on page 2
2025-07-20 05:53:12,503 - INFO - Fetching page 3/3
2025-07-20 05:53:13,382 - INFO - HTTP Request: GET https://www.linkedin.com/jobs-guest/jobs/api/seeMoreJobPostings/search?keywords=python+developer&location=United+States&trk=public_jobs_jobs-search-bar_search-submit&position=1&pageNum=0&start=50&f_JT=&f_E=&f_WRA=WRA-1 "HTTP/1.1 200 OK"
2025-07-20 05:53:13,390 - INFO - Found 10 jobs on page 3
2025-07-20 05:53:15,392 - INFO - Total jobs found: 30
2025-07-20 05:53:18,395 - INFO - Starting job search for 'data scientist' in 'San Francisco, CA' - 2 pages
2025-07-20 05:53:18,400 - INFO - Fetching page 1/2
2025-07-20 05:53:18,888 - INFO - HTTP Request: GET https://www.linkedin.com/jobs-guest/jobs/api/seeMoreJobPostings/search?keywords=data+scientist&location=San+Francisco%2C+CA&trk=public_jobs_jobs-search-bar_search-submit&position=1&pageNum=0&start=0&f_JT=&f_E=E-4&f_WRA= "HTTP/1.1 200 OK"
2025-07-20 05:53:18,896 - INFO - Found 10 jobs on page 1
2025-07-20 05:53:20,898 - INFO - Fetching page 2/2
2025-07-20 05:53:21,311 - INFO - HTTP Request: GET https://www.linkedin.com/jobs-guest/jobs/api/seeMoreJobPostings/search?keywords=data+scientist&location=San+Francisco%2C+CA&trk=public_jobs_jobs-search-bar_search-submit&position=1&pageNum=0&start=25&f_JT=&f_E=E-4&f_WRA= "HTTP/1.1 200 OK"
2025-07-20 05:53:21,322 - INFO - Found 10 jobs on page 2
2025-07-20 05:53:23,325 - INFO - Total jobs found: 50
2025-07-20 05:53:26,328 - INFO - Starting job search for 'software engineer' in 'Remote' - 2 pages
2025-07-20 05:53:26,333 - INFO - Fetching page 1/2
2025-07-20 05:53:26,965 - INFO - HTTP Request: GET https://www.linkedin.com/jobs-guest/jobs/api/seeMoreJobPostings/search?keywords=software+engineer&location=Remote&trk=public_jobs_jobs-search-bar_search-submit&position=1&pageNum=0&start=0&f_JT=JT-F&f_E=&f_WRA= "HTTP/1.1 200 OK"
2025-07-20 05:53:26,973 - INFO - Found 10 jobs on page 1
2025-07-20 05:53:28,975 - INFO - Fetching page 2/2
2025-07-20 05:53:29,658 - INFO - HTTP Request: GET https://www.linkedin.com/jobs-guest/jobs/api/seeMoreJobPostings/search?keywords=software+engineer&location=Remote&trk=public_jobs_jobs-search-bar_search-submit&position=1&pageNum=0&start=25&f_JT=JT-F&f_E=&f_WRA= "HTTP/1.1 200 OK"
2025-07-20 05:53:29,666 - INFO - Found 10 jobs on page 2
2025-07-20 05:53:31,668 - INFO - Total jobs found: 70
2025-07-20 05:53:34,672 - INFO - Saved 70 jobs to linkedin_jobs_20250720_055334.csv
2025-07-20 05:53:34,673 - INFO - Saved 70 jobs to linkedin_jobs_20250720_055334.json
2025-07-20 05:53:53,598 - INFO - Starting job search for 'python developer' in 'Remote' - 2 pages
2025-07-20 05:53:53,628 - INFO - Fetching page 1/2
2025-07-20 05:53:54,292 - INFO - HTTP Request: GET https://www.linkedin.com/jobs-guest/jobs/api/seeMoreJobPostings/search?keywords=python+developer&location=Remote&trk=public_jobs_jobs-search-bar_search-submit&position=1&pageNum=0&start=0&f_JT=JT-F&f_E=&f_WRA=WRA-1 "HTTP/1.1 200 OK"
2025-07-20 05:53:54,301 - INFO - Found 10 jobs on page 1
2025-07-20 05:53:56,303 - INFO - Fetching page 2/2
2025-07-20 05:53:56,877 - INFO - HTTP Request: GET https://www.linkedin.com/jobs-guest/jobs/api/seeMoreJobPostings/search?keywords=python+developer&location=Remote&trk=public_jobs_jobs-search-bar_search-submit&position=1&pageNum=0&start=25&f_JT=JT-F&f_E=&f_WRA=WRA-1 "HTTP/1.1 200 OK"
2025-07-20 05:53:56,886 - INFO - Found 10 jobs on page 2
2025-07-20 05:53:58,887 - INFO - Total jobs found: 20
2025-07-20 05:53:58,887 - INFO - Starting job search for 'data scientist' in 'United States' - 2 pages
2025-07-20 05:53:58,892 - INFO - Fetching page 1/2
2025-07-20 05:53:59,647 - INFO - HTTP Request: GET https://www.linkedin.com/jobs-guest/jobs/api/seeMoreJobPostings/search?keywords=data+scientist&location=United+States&trk=public_jobs_jobs-search-bar_search-submit&position=1&pageNum=0&start=0&f_JT=&f_E=E-2&f_WRA= "HTTP/1.1 200 OK"
2025-07-20 05:53:59,655 - INFO - Found 10 jobs on page 1
2025-07-20 05:54:01,657 - INFO - Fetching page 2/2
2025-07-20 05:54:02,391 - INFO - HTTP Request: GET https://www.linkedin.com/jobs-guest/jobs/api/seeMoreJobPostings/search?keywords=data+scientist&location=United+States&trk=public_jobs_jobs-search-bar_search-submit&position=1&pageNum=0&start=25&f_JT=&f_E=E-2&f_WRA= "HTTP/1.1 200 OK"
2025-07-20 05:54:02,400 - INFO - Found 10 jobs on page 2
2025-07-20 05:54:04,402 - INFO - Total jobs found: 40
2025-07-20 05:54:04,402 - INFO - Saved 40 jobs to linkedin_jobs_20250720_055404.csv
2025-07-20 05:54:04,403 - INFO - Saved 40 jobs to linkedin_jobs_20250720_055404.json
